2026-08-08 03:55:07 [DEBUG] [扫描顺序] ["2026-07/中山-20260714.doc", "2026-07/中山-20260714.xlsx", "2026-07/中山-20260724.doc", "2026-07/中山-20260724.xlsx", "2026-07/佛山-20260728.doc", "2026-07/佛山-20260728.docx", "2026-07/佛山-20260728.xls", "2026-07/广东-第32期.doc", "2026-07/广东-第33期.doc", "2026-07/广东-第34期.docx", "2026-07/广东-第35期.doc", "2026-07/广州-第5期.pdf", "2026-07/江西-第9期.pdf", "2026-07/江门-第7期.pdf", "2026-07/河池-第01期.doc", "2026-07/河池-第01期.xlsx", "2026-07/河池-第02期.doc", "2026-07/河池-第02期.xlsx", "2026-07/深圳-20260723.xlsx", "2026-07/湖南-第10期.pdf", "2026-07/湖南-第11期.pdf", "2026-07/湖南-第12期.pdf", "2026-07/湖南-第13期.pdf", "2026-07/湖南-第14期.pdf", "2026-07/湖南-第15期.pdf", "2026-07/湖南-第7期.pdf", "2026-07/湖南-第8期.pdf", "2026-07/湖南-第9期.pdf", "2026-07/珠海-20260703.doc", "2026-07/珠海-20260703.xls", "2026-07/福建-第9期.pdf"]
2026-08-08 03:55:07 [DEBUG] [扫描] 2026-07/中山-20260714.doc
2026-08-08 03:55:07 [DEBUG] [扫描] 2026-07/中山-20260714.xlsx
2026-08-08 03:55:07 [DEBUG] [扫描] 2026-07/中山-20260724.doc
2026-08-08 03:55:07 [DEBUG] [扫描] 2026-07/中山-20260724.xlsx
2026-08-08 03:55:07 [DEBUG] [扫描] 2026-07/佛山-20260728.doc
2026-08-08 03:55:07 [DEBUG] [扫描] 2026-07/佛山-20260728.docx
2026-08-08 03:55:07 [DEBUG] [扫描] 2026-07/佛山-20260728.xls
2026-08-08 03:55:07 [DEBUG] [扫描] 2026-07/广东-第32期.doc
2026-08-08 03:55:08 [DEBUG] [扫描] 2026-07/广东-第33期.doc
2026-08-08 03:55:08 [DEBUG] [扫描] 2026-07/广东-第34期.docx
2026-08-08 03:55:08 [DEBUG] [扫描] 2026-07/广东-第35期.doc
2026-08-08 03:55:08 [DEBUG] [扫描] 2026-07/广州-第5期.pdf
2026-08-08 04:03:10 [ERROR] [湖北] 列表页请求失败: HTTP 412
2026-08-08 04:03:10 [INFO] [完成] 湖北: 共下载 0 个文件
2026-08-08 04:03:10 [INFO]   [下载] 2026-07/佛山-20260728-2.doc
2026-08-08 04:03:10 [INFO]   [下载] 2026-07/河池-第02期-2.doc
2026-08-08 04:03:10 [INFO]   [下载] 2026-07/佛山-20260728-2.xls
2026-08-08 04:03:10 [INFO]   [下载] 2026-07/深圳-20260723-2.xlsx
2026-08-08 04:03:10 [INFO]   [下载] 2026-07/佛山-20260728-2.docx
2026-08-08 04:03:10 [INFO]   [下载] 2026-07/江西-第9期-2.pdf
2026-08-08 04:03:10 [INFO] [完成] 江西: 共下载 1 个文件
2026-08-08 04:03:10 [INFO]   [下载] 2026-07/河池-第02期-2.xlsx
2026-08-08 04:03:10 [INFO]   [河池] 跳过不合格文件: 附件3：食品流通监督抽检不合格产品信息.xlsx
2026-08-08 04:03:10 [INFO]   [下载] 2026-07/河池-第02期-3.doc
2026-08-08 04:03:10 [INFO]   [广州] 跳过辅助文件: 本次检验项目.doc
2026-08-08 04:03:11 [INFO]   [下载] 2026-07/河池-第01期-2.doc
2026-08-08 04:03:11 [INFO]   [下载] 2026-07/河池-第01期-2.xlsx
2026-08-08 04:03:11 [INFO]   [下载] 2026-07/江门-第7期-2.pdf
2026-08-08 04:03:11 [INFO]   [江门] 跳过不合格文件: 附件2：本次检验不合格项目的说明.docx
2026-08-08 04:03:12 [INFO] [完成] 广西: 共下载 0 个文件
2026-08-08 04:03:12 [INFO]   [下载] 2026-07/广州-第5期-2.pdf
2026-08-08 04:03:12 [INFO]   [广州] 跳过辅助文件: 关于部分检验项目的说明.doc
2026-08-08 04:03:12 [INFO]   [下载] 2026-07/广东-第35期-2.doc
2026-08-08 04:03:12 [INFO] [完成] 深圳: 共下载 1 个文件
2026-08-08 04:03:13 [INFO] [完成] 佛山: 共下载 3 个文件
2026-08-08 04:03:13 [INFO]   [下载] 2026-07/广东-第34期-2.docx
2026-08-08 04:03:14 [INFO] [完成] 河池: 共下载 5 个文件
2026-08-08 04:03:15 [INFO] [完成] 广州: 共下载 1 个文件
2026-08-08 04:03:15 [INFO] [完成] 江门: 共下载 1 个文件
2026-08-08 04:03:15 [INFO]   [下载] 2026-07/广东-第33期-2.doc
2026-08-08 04:03:16 [INFO]   [下载] 2026-07/珠海-20260703-2.xls
2026-08-08 04:03:16 [INFO]   [下载] 2026-07/珠海-20260703-2.doc
2026-08-08 04:03:17 [INFO] [完成] 珠海: 共下载 2 个文件
2026-08-08 04:03:17 [INFO]   [下载] 2026-07/广东-第32期-2.doc
2026-08-08 04:03:20 [INFO] [完成] 广东: 共下载 4 个文件
2026-08-08 04:03:40 [INFO]   [下载] 2026-07/中山-20260724-2.doc
2026-08-08 04:03:40 [INFO]   [下载] 2026-07/中山-20260724-2.xlsx
2026-08-08 04:03:40 [INFO]   [中山] 跳过不合格文件: 附件3：食品监督抽检不合格信息表（20260724）.xlsx
2026-08-08 04:03:40 [INFO]   [下载] 2026-07/中山-20260724-3.doc
2026-08-08 04:03:41 [INFO]   [下载] 2026-07/中山-20260714-2.doc
2026-08-08 04:03:41 [INFO]   [下载] 2026-07/中山-20260714-2.xlsx
2026-08-08 04:03:41 [INFO]   [中山] 跳过不合格文件: 附件3：食品监督抽检不合格信息表（20260714）.xlsx
2026-08-08 04:03:41 [INFO]   [下载] 2026-07/中山-20260714-3.doc
2026-08-08 04:03:42 [INFO] [完成] 中山: 共下载 6 个文件
2026-08-08 04:04:01 [INFO]   [下载] 2026-07/福建-第9期-2.pdf
2026-08-08 04:04:01 [INFO]   [福建] 跳过不合格文件: 附件2：关于抽检不合格项目的风险提示.pdf
2026-08-08 04:04:01 [INFO] [完成] 福建: 共下载 1 个文件
2026-08-08 04:07:14 [INFO]   [广州] 跳过辅助文件: 本次检验项目.doc
2026-08-08 04:07:14 [ERROR] [湖北] 列表页请求失败: HTTP 412
2026-08-08 04:07:14 [INFO] [完成] 湖北: 共下载 0 个文件
2026-08-08 04:07:15 [INFO]   [下载] 2026-07/中山-20260724.doc
2026-08-08 04:07:15 [INFO]   [下载] 2026-07/河池-第02期.doc
2026-08-08 04:07:15 [INFO]   [下载] 2026-07/中山-20260724.xlsx
2026-08-08 04:07:15 [INFO]   [中山] 跳过不合格文件: 附件3：食品监督抽检不合格信息表（20260724）.xlsx
2026-08-08 04:07:15 [INFO]   [下载] 2026-07/中山-20260724-2.doc
2026-08-08 04:07:15 [INFO]   [下载] 2026-07/河池-第02期.xlsx
2026-08-08 04:07:15 [INFO]   [河池] 跳过不合格文件: 附件3：食品流通监督抽检不合格产品信息.xlsx
2026-08-08 04:07:15 [INFO]   [下载] 2026-07/河池-第02期-2.doc
2026-08-08 04:07:15 [INFO]   [下载] 2026-07/中山-20260714.doc
2026-08-08 04:07:15 [INFO]   [下载] 2026-07/中山-20260714.xlsx
2026-08-08 04:07:15 [INFO]   [中山] 跳过不合格文件: 附件3：食品监督抽检不合格信息表（20260714）.xlsx
2026-08-08 04:07:15 [INFO]   [下载] 2026-07/中山-20260714-2.doc
2026-08-08 04:07:15 [INFO]   [下载] 2026-07/深圳-20260723.xlsx
2026-08-08 04:07:15 [INFO]   [下载] 2026-07/江西-第9期.pdf
2026-08-08 04:07:15 [INFO] [完成] 江西: 共下载 1 个文件
2026-08-08 04:07:15 [INFO]   [下载] 2026-07/佛山-20260728.doc
2026-08-08 04:07:15 [INFO]   [下载] 2026-07/佛山-20260728.xls
2026-08-08 04:07:15 [INFO]   [下载] 2026-07/佛山-20260728.docx
2026-08-08 04:07:15 [INFO]   [下载] 2026-07/江门-第7期.pdf
2026-08-08 04:07:15 [INFO]   [江门] 跳过不合格文件: 附件2：本次检验不合格项目的说明.docx
2026-08-08 04:07:15 [INFO]   [下载] 2026-07/河池-第01期.doc
2026-08-08 04:07:15 [INFO]   [下载] 2026-07/河池-第01期.xlsx
2026-08-08 04:07:15 [INFO] [完成] 中山: 共下载 6 个文件
2026-08-08 04:07:16 [INFO] [完成] 佛山: 共下载 3 个文件
2026-08-08 04:07:16 [INFO]   [下载] 2026-07/珠海-20260703.xls
2026-08-08 04:07:16 [INFO]   [下载] 2026-07/珠海-20260703.doc
2026-08-08 04:07:16 [INFO]   [下载] 2026-07/广州-第5期.pdf
2026-08-08 04:07:16 [INFO]   [广州] 跳过辅助文件: 关于部分检验项目的说明.doc
2026-08-08 04:07:17 [INFO] [完成] 广州: 共下载 1 个文件
2026-08-08 04:07:17 [INFO] [完成] 珠海: 共下载 2 个文件
2026-08-08 04:07:17 [INFO] [完成] 江门: 共下载 1 个文件
2026-08-08 04:07:18 [INFO] [完成] 广西: 共下载 0 个文件
2026-08-08 04:07:18 [INFO] [完成] 河池: 共下载 5 个文件
2026-08-08 04:07:18 [INFO]   [下载] 2026-07/广东-第35期.doc
2026-08-08 04:07:19 [INFO]   [下载] 2026-07/广东-第34期.docx
2026-08-08 04:07:21 [INFO]   [下载] 2026-07/广东-第33期.doc
2026-08-08 04:07:21 [INFO] [完成] 深圳: 共下载 1 个文件
2026-08-08 04:07:22 [INFO]   [下载] 2026-07/广东-第32期.doc
2026-08-08 04:07:25 [INFO] [完成] 广东: 共下载 4 个文件
2026-08-08 04:08:12 [INFO]   [下载] 2026-07/湖南-第15期.pdf
2026-08-08 04:08:12 [INFO]   [湖南] 跳过不合格文件: 食品安全抽样检验不合格食品信息表
2026-08-08 04:08:18 [INFO]   [下载] 2026-07/福建-第9期.pdf
2026-08-08 04:08:18 [INFO]   [福建] 跳过不合格文件: 附件2：关于抽检不合格项目的风险提示.pdf
2026-08-08 04:08:18 [INFO] [完成] 福建: 共下载 1 个文件
2026-08-08 04:08:53 [INFO]   [下载] 2026-07/湖南-第14期.pdf
2026-08-08 04:08:53 [INFO]   [湖南] 跳过不合格文件: 食品安全抽样检验不合格食品信息表
2026-08-08 04:08:54 [INFO]   [下载] 2026-07/湖南-第13期.pdf
2026-08-08 04:08:54 [INFO]   [湖南] 跳过不合格文件: 食品安全抽样检验不合格食品信息表
2026-08-08 04:08:55 [INFO]   [下载] 2026-07/湖南-第12期.pdf
2026-08-08 04:08:55 [INFO]   [湖南] 跳过不合格文件: 食品安全抽样检验不合格食品信息表
2026-08-08 04:08:56 [INFO]   [下载] 2026-07/湖南-第11期.pdf
2026-08-08 04:08:56 [INFO]   [湖南] 跳过不合格文件: 食品安全抽样检验不合格食品信息表
2026-08-08 04:08:57 [INFO]   [下载] 2026-07/湖南-第10期.pdf
2026-08-08 04:08:57 [INFO]   [湖南] 跳过不合格文件: 食品安全抽样检验不合格食品信息表
2026-08-08 04:08:58 [INFO]   [下载] 2026-07/湖南-第9期.pdf
2026-08-08 04:08:58 [INFO]   [湖南] 跳过不合格文件: 食品安全抽样检验不合格食品信息表
2026-08-08 04:08:58 [INFO]   [下载] 2026-07/湖南-第8期.pdf
2026-08-08 04:08:58 [INFO]   [湖南] 跳过不合格文件: 食品安全抽样检验不合格食品信息表
2026-08-08 04:08:59 [INFO]   [下载] 2026-07/湖南-第7期.pdf
2026-08-08 04:08:59 [INFO]   [湖南] 跳过不合格文件: 食品安全抽样检验不合格食品信息表
2026-08-08 04:08:59 [INFO] [完成] 湖南: 共下载 9 个文件
2026-08-08 04:08:59 [INFO] 
全部完成，共下载 34 个文件，保存在 ./2026-07 目录。
2026-08-08 04:09:43 [INFO] [搜索] 扫描 33/34 个文件，命中 0 条，结果写入 result.md
2026-08-08 04:09:43 [INFO] [搜索] 「天地壹号」 命中 0 处
2026-08-08 04:09:43 [INFO] [搜索] 「天晨」 命中 0 处
2026-08-08 04:09:43 [INFO] [搜索] 「巴马世界」 命中 0 处
2026-08-08 04:11:00 [ERROR] [湖北] 列表页请求失败: HTTP 412
2026-08-08 04:11:00 [INFO] [完成] 湖北: 共下载 0 个文件
2026-08-08 04:11:00 [INFO]   [下载] 2026-07/中山-20260724.doc
2026-08-08 04:11:00 [INFO]   [下载] 2026-07/佛山-20260728.doc
2026-08-08 04:11:00 [INFO]   [下载] 2026-07/中山-20260724.xlsx
2026-08-08 04:11:00 [INFO]   [中山] 跳过不合格文件: 附件3：食品监督抽检不合格信息表（20260724）.xlsx
2026-08-08 04:11:00 [INFO]   [下载] 2026-07/佛山-20260728.xls
2026-08-08 04:11:00 [INFO]   [下载] 2026-07/中山-20260724-2.doc
2026-08-08 04:11:00 [INFO]   [下载] 2026-07/佛山-20260728.docx
2026-08-08 04:11:00 [INFO]   [广州] 跳过辅助文件: 本次检验项目.doc
2026-08-08 04:11:00 [INFO]   [下载] 2026-07/中山-20260714.doc
2026-08-08 04:11:00 [INFO]   [下载] 2026-07/中山-20260714.xlsx
2026-08-08 04:11:00 [INFO]   [中山] 跳过不合格文件: 附件3：食品监督抽检不合格信息表（20260714）.xlsx
2026-08-08 04:11:00 [INFO]   [下载] 2026-07/中山-20260714-2.doc
2026-08-08 04:11:00 [INFO]   [下载] 2026-07/深圳-20260723.xlsx
2026-08-08 04:11:01 [INFO]   [下载] 2026-07/江西-第9期.pdf
2026-08-08 04:11:01 [INFO] [完成] 江西: 共下载 1 个文件
2026-08-08 04:11:01 [INFO] [完成] 中山: 共下载 6 个文件
2026-08-08 04:11:01 [INFO] [完成] 佛山: 共下载 3 个文件
2026-08-08 04:11:01 [INFO]   [下载] 2026-07/广州-第5期.pdf
2026-08-08 04:11:01 [INFO]   [广州] 跳过辅助文件: 关于部分检验项目的说明.doc
2026-08-08 04:11:01 [INFO]   [下载] 2026-07/珠海-20260703.xls
2026-08-08 04:11:01 [INFO]   [下载] 2026-07/江门-第7期.pdf
2026-08-08 04:11:01 [INFO]   [下载] 2026-07/珠海-20260703.doc
2026-08-08 04:11:01 [INFO]   [江门] 跳过不合格文件: 附件2：本次检验不合格项目的说明.docx
2026-08-08 04:11:02 [INFO]   [下载] 2026-07/广东-第35期.doc
2026-08-08 04:11:02 [INFO]   [下载] 2026-07/河池-第02期.doc
2026-08-08 04:11:02 [INFO] [完成] 珠海: 共下载 2 个文件
2026-08-08 04:11:02 [INFO] [完成] 广西: 共下载 0 个文件
2026-08-08 04:11:02 [INFO] [完成] 广州: 共下载 1 个文件
2026-08-08 04:11:02 [INFO]   [下载] 2026-07/河池-第02期.xlsx
2026-08-08 04:11:02 [INFO]   [河池] 跳过不合格文件: 附件3：食品流通监督抽检不合格产品信息.xlsx
2026-08-08 04:11:02 [INFO]   [下载] 2026-07/河池-第02期-2.doc
2026-08-08 04:11:02 [INFO]   [下载] 2026-07/广东-第34期.docx
2026-08-08 04:11:02 [INFO]   [下载] 2026-07/河池-第01期.doc
2026-08-08 04:11:02 [INFO]   [下载] 2026-07/河池-第01期.xlsx
2026-08-08 04:11:03 [INFO] [完成] 江门: 共下载 1 个文件
2026-08-08 04:11:04 [INFO] [完成] 深圳: 共下载 1 个文件
2026-08-08 04:11:04 [INFO]   [下载] 2026-07/广东-第33期.doc
2026-08-08 04:11:06 [INFO] [完成] 河池: 共下载 5 个文件
2026-08-08 04:11:06 [INFO]   [下载] 2026-07/广东-第32期.doc
2026-08-08 04:11:09 [INFO] [完成] 广东: 共下载 4 个文件
2026-08-08 04:11:57 [INFO]   [下载] 2026-07/福建-第9期.pdf
2026-08-08 04:11:57 [INFO]   [福建] 跳过不合格文件: 附件2：关于抽检不合格项目的风险提示.pdf
2026-08-08 04:11:57 [INFO] [完成] 福建: 共下载 1 个文件
2026-08-08 04:12:27 [INFO]   [下载] 2026-07/湖南-第15期.pdf
2026-08-08 04:12:27 [INFO]   [湖南] 跳过不合格文件: 食品安全抽样检验不合格食品信息表
2026-08-08 04:12:30 [INFO]   [下载] 2026-07/湖南-第14期.pdf
2026-08-08 04:12:30 [INFO]   [湖南] 跳过不合格文件: 食品安全抽样检验不合格食品信息表
2026-08-08 04:12:31 [INFO]   [下载] 2026-07/湖南-第13期.pdf
2026-08-08 04:12:31 [INFO]   [湖南] 跳过不合格文件: 食品安全抽样检验不合格食品信息表
2026-08-08 04:12:32 [INFO]   [下载] 2026-07/湖南-第12期.pdf
2026-08-08 04:12:32 [INFO]   [湖南] 跳过不合格文件: 食品安全抽样检验不合格食品信息表
2026-08-08 04:12:33 [INFO]   [下载] 2026-07/湖南-第11期.pdf
2026-08-08 04:12:33 [INFO]   [湖南] 跳过不合格文件: 食品安全抽样检验不合格食品信息表
2026-08-08 04:12:33 [INFO]   [下载] 2026-07/湖南-第10期.pdf
2026-08-08 04:12:33 [INFO]   [湖南] 跳过不合格文件: 食品安全抽样检验不合格食品信息表
2026-08-08 04:12:34 [INFO]   [下载] 2026-07/湖南-第9期.pdf
2026-08-08 04:12:34 [INFO]   [湖南] 跳过不合格文件: 食品安全抽样检验不合格食品信息表
2026-08-08 04:12:35 [INFO]   [下载] 2026-07/湖南-第8期.pdf
2026-08-08 04:12:35 [INFO]   [湖南] 跳过不合格文件: 食品安全抽样检验不合格食品信息表
2026-08-08 04:12:35 [INFO]   [下载] 2026-07/湖南-第7期.pdf
2026-08-08 04:12:35 [INFO]   [湖南] 跳过不合格文件: 食品安全抽样检验不合格食品信息表
2026-08-08 04:12:35 [INFO] [完成] 湖南: 共下载 9 个文件
2026-08-08 04:12:35 [INFO] 
全部完成，共下载 34 个文件，保存在 ./2026-07 目录。
2026-08-08 04:13:18 [INFO] [搜索] 扫描 33/34 个文件，命中 6 条，结果写入 result.md
2026-08-08 04:13:18 [INFO] [搜索] 「天地壹号」 命中 0 处
2026-08-08 04:13:18 [INFO] [搜索] 「天晨」 命中 0 处
2026-08-08 04:13:18 [INFO] [搜索] 「巴马世界」 命中 0 处
2026-08-08 04:13:18 [INFO] [搜索] 「道道全粮」 命中 6 处
2026-08-08 04:21:44 [ERROR] [湖北] 列表页请求失败: HTTP 412
2026-08-08 04:21:44 [INFO] [完成] 湖北: 共下载 0 个文件
2026-08-08 04:21:44 [INFO]   [下载] 2026-07/佛山-20260728-2.doc
2026-08-08 04:21:44 [INFO]   [下载] 2026-07/佛山-20260728-2.xls
2026-08-08 04:21:44 [INFO]   [下载] 2026-07/佛山-20260728-2.docx
2026-08-08 04:21:44 [INFO]   [下载] 2026-07/深圳-20260723-2.xlsx
2026-08-08 04:21:44 [INFO]   [下载] 2026-07/河池-第02期-3.doc
2026-08-08 04:21:44 [INFO]   [广州] 跳过辅助文件: 本次检验项目.doc
2026-08-08 04:21:44 [INFO]   [下载] 2026-07/河池-第02期-2.xlsx
2026-08-08 04:21:44 [ERROR] [并行任务失败] task 28 panicked with message "failed printing to stdout: Broken pipe (os error 32)"
2026-08-08 04:27:10 [ERROR] [湖北] 列表页请求失败: HTTP 412
2026-08-08 04:27:10 [INFO] [完成] 湖北: 共下载 0 个文件
2026-08-08 04:27:10 [INFO]   [广州] 跳过辅助文件: 本次检验项目.doc
2026-08-08 04:27:10 [INFO]   [下载] 2026-07/中山-20260724-附件1：本次检验项目 .doc
2026-08-08 04:27:10 [INFO]   [下载] 2026-07/中山-20260724-附件2：食品监督抽检合格信息表（20260724）.xlsx
2026-08-08 04:27:10 [INFO]   [中山] 跳过不合格文件: 附件3：食品监督抽检不合格信息表（20260724）.xlsx
2026-08-08 04:27:10 [INFO]   [下载] 2026-07/中山-20260724-附件4：关于部分检验项目的说明.doc
2026-08-08 04:27:10 [INFO]   [下载] 2026-07/佛山-20260728-附件1：本次检验项目.doc
2026-08-08 04:27:11 [INFO]   [下载] 2026-07/河池-第02期-附件1：检验项目.doc
2026-08-08 04:27:11 [INFO]   [下载] 2026-07/佛山-20260728-附件2：食品安全抽检信息汇总表.xls
2026-08-08 04:27:11 [INFO]   [下载] 2026-07/中山-20260714-附件1：本次检验项目 .doc
2026-08-08 04:27:11 [INFO]   [下载] 2026-07/佛山-20260728-附件3：关于部分检验项目的说明.docx
2026-08-08 04:27:11 [INFO]   [下载] 2026-07/中山-20260714-附件2：食品监督抽检合格信息表（20260714）.xlsx
2026-08-08 04:27:11 [INFO]   [中山] 跳过不合格文件: 附件3：食品监督抽检不合格信息表（20260714）.xlsx
2026-08-08 04:27:11 [INFO]   [下载] 2026-07/中山-20260714-附件4：关于部分检验项目的说明.doc
2026-08-08 04:27:11 [INFO]   [下载] 2026-07/深圳-20260723-抽检结果明细表.xlsx
2026-08-08 04:27:11 [INFO]   [下载] 2026-07/江西-第9期-江西省市场监督管理局2026年第9期食品抽检情况的通告.pdf
2026-08-08 04:27:11 [INFO] [完成] 江西: 共下载 1 个文件
2026-08-08 04:27:11 [INFO]   [下载] 2026-07/江门-第7期-附件1：食品抽检信息汇总表.pdf
2026-08-08 04:27:11 [INFO]   [江门] 跳过不合格文件: 附件2：本次检验不合格项目的说明.docx
2026-08-08 04:27:11 [INFO]   [下载] 2026-07/河池-第02期-附件2：食品流通监督抽检合格产品信息.xlsx
2026-08-08 04:27:11 [INFO]   [河池] 跳过不合格文件: 附件3：食品流通监督抽检不合格产品信息.xlsx
2026-08-08 04:27:11 [INFO]   [下载] 2026-07/河池-第02期-附件4：部分检验项目的说明.doc
2026-08-08 04:27:11 [INFO] [完成] 中山: 共下载 6 个文件
2026-08-08 04:27:12 [INFO]   [下载] 2026-07/河池-第01期-附件1：检验项目.doc
2026-08-08 04:27:12 [INFO]   [下载] 2026-07/珠海-20260703-附件1 珠海市市场监督管理局2026年食品监督抽检信息汇总表.xls
2026-08-08 04:27:12 [INFO]   [下载] 2026-07/珠海-20260703-附件2 食品安全科普小知识.doc
2026-08-08 04:27:12 [INFO]   [下载] 2026-07/河池-第01期-附件2：食品安全监督抽检合格产品信息.xlsx
2026-08-08 04:27:12 [INFO] [完成] 佛山: 共下载 3 个文件
2026-08-08 04:27:12 [INFO]   [下载] 2026-07/广州-第5期-抽检结果明细表 .pdf
2026-08-08 04:27:12 [INFO]   [广州] 跳过辅助文件: 关于部分检验项目的说明.doc
2026-08-08 04:27:13 [INFO] [完成] 珠海: 共下载 2 个文件
2026-08-08 04:27:13 [INFO] [完成] 广西: 共下载 0 个文件
2026-08-08 04:27:14 [INFO] [完成] 江门: 共下载 1 个文件
2026-08-08 04:27:14 [INFO] [完成] 深圳: 共下载 1 个文件
2026-08-08 04:27:16 [INFO] [完成] 广州: 共下载 1 个文件
2026-08-08 04:27:18 [INFO] [完成] 河池: 共下载 5 个文件
2026-08-08 04:27:23 [INFO]   [下载] 2026-07/广东-第35期-附件1-13.doc
2026-08-08 04:27:24 [INFO]   [下载] 2026-07/广东-第34期-附件1-13.docx
2026-08-08 04:27:26 [INFO]   [下载] 2026-07/广东-第33期-附件1-13.doc
2026-08-08 04:27:27 [INFO]   [下载] 2026-07/广东-第32期-附件1-12.doc
2026-08-08 04:27:58 [INFO]   [广州] 跳过辅助文件: 本次检验项目.doc
2026-08-08 04:27:58 [INFO]   [下载] 2026-07/中山-20260724-附件1：本次检验项目.doc
2026-08-08 04:27:58 [INFO]   [下载] 2026-07/中山-20260724-附件2：食品监督抽检合格信息表（20260724）-2.xlsx
2026-08-08 04:27:58 [INFO]   [中山] 跳过不合格文件: 附件3：食品监督抽检不合格信息表（20260724）.xlsx
2026-08-08 04:27:58 [INFO]   [下载] 2026-07/中山-20260724-附件4：关于部分检验项目的说明-2.doc
2026-08-08 04:27:59 [INFO]   [下载] 2026-07/中山-20260714-附件1：本次检验项目.doc
2026-08-08 04:27:59 [INFO]   [下载] 2026-07/中山-20260714-附件2：食品监督抽检合格信息表（20260714）-2.xlsx
2026-08-08 04:27:59 [INFO]   [中山] 跳过不合格文件: 附件3：食品监督抽检不合格信息表（20260714）.xlsx
2026-08-08 04:27:59 [INFO]   [下载] 2026-07/中山-20260714-附件4：关于部分检验项目的说明-2.doc
2026-08-08 04:27:59 [INFO]   [下载] 2026-07/河池-第02期-附件1：检验项目-2.doc
2026-08-08 04:27:59 [INFO]   [下载] 2026-07/佛山-20260728-附件1：本次检验项目-2.doc
2026-08-08 04:27:59 [INFO]   [下载] 2026-07/深圳-20260723-抽检结果明细表-2.xlsx
2026-08-08 04:27:59 [INFO]   [下载] 2026-07/河池-第02期-附件2：食品流通监督抽检合格产品信息-2.xlsx
2026-08-08 04:27:59 [INFO]   [河池] 跳过不合格文件: 附件3：食品流通监督抽检不合格产品信息.xlsx
2026-08-08 04:27:59 [INFO]   [下载] 2026-07/河池-第02期-附件4：部分检验项目的说明-2.doc
2026-08-08 04:27:59 [INFO]   [下载] 2026-07/佛山-20260728-附件2：食品安全抽检信息汇总表-2.xls
2026-08-08 04:27:59 [INFO]   [下载] 2026-07/佛山-20260728-附件3：关于部分检验项目的说明-2.docx
2026-08-08 04:27:59 [INFO]   [下载] 2026-07/江西-第9期-江西省市场监督管理局2026年第9期食品抽检情况的通告-2.pdf
2026-08-08 04:27:59 [INFO] [完成] 江西: 共下载 1 个文件
2026-08-08 04:27:59 [INFO]   [下载] 2026-07/河池-第01期-附件1：检验项目-2.doc
2026-08-08 04:27:59 [INFO] [完成] 中山: 共下载 6 个文件
2026-08-08 04:27:59 [INFO]   [下载] 2026-07/河池-第01期-附件2：食品安全监督抽检合格产品信息-2.xlsx
2026-08-08 04:28:00 [INFO]   [下载] 2026-07/珠海-20260703-附件1 珠海市市场监督管理局2026年食品监督抽检信息汇总表-2.xls
2026-08-08 04:28:00 [INFO]   [下载] 2026-07/珠海-20260703-附件2 食品安全科普小知识-2.doc
2026-08-08 04:28:00 [INFO]   [下载] 2026-07/广州-第5期-抽检结果明细表.pdf
2026-08-08 04:28:00 [INFO]   [广州] 跳过辅助文件: 关于部分检验项目的说明.doc
2026-08-08 04:28:00 [INFO] [完成] 佛山: 共下载 3 个文件
2026-08-08 04:28:00 [INFO]   [下载] 2026-07/广东-第35期-附件1-13-2.doc
2026-08-08 04:28:00 [INFO]   [下载] 2026-07/湖南-第15期-食品安全抽样检验项目合格食品信息表.pdf
2026-08-08 04:28:00 [INFO]   [湖南] 跳过不合格文件: 食品安全抽样检验不合格食品信息表
2026-08-08 04:28:01 [INFO] [完成] 珠海: 共下载 2 个文件
2026-08-08 04:28:01 [INFO] [完成] 广州: 共下载 1 个文件
2026-08-08 04:28:02 [INFO]   [下载] 2026-07/广东-第34期-附件1-13-2.docx
2026-08-08 04:28:02 [INFO]   [下载] 2026-07/湖南-第14期-食品安全抽样检验项目合格食品信息表.pdf
2026-08-08 04:28:02 [INFO]   [湖南] 跳过不合格文件: 食品安全抽样检验不合格食品信息表
2026-08-08 04:28:03 [INFO]   [下载] 2026-07/江门-第7期-附件1：食品抽检信息汇总表-2.pdf
2026-08-08 04:28:03 [INFO]   [江门] 跳过不合格文件: 附件2：本次检验不合格项目的说明.docx
2026-08-08 04:28:03 [INFO] [完成] 深圳: 共下载 1 个文件
2026-08-08 04:28:03 [INFO]   [下载] 2026-07/湖南-第13期-食品安全抽样检验项目合格食品信息表.pdf
2026-08-08 04:28:03 [INFO]   [湖南] 跳过不合格文件: 食品安全抽样检验不合格食品信息表
2026-08-08 04:28:03 [INFO]   [下载] 2026-07/广东-第33期-附件1-13-2.doc
2026-08-08 04:28:04 [INFO] [完成] 河池: 共下载 5 个文件
2026-08-08 04:28:04 [INFO] [完成] 广西: 共下载 0 个文件
2026-08-08 04:28:04 [INFO]   [下载] 2026-07/湖南-第12期-食品安全抽样检验项目合格食品信息表.pdf
2026-08-08 04:28:04 [INFO]   [湖南] 跳过不合格文件: 食品安全抽样检验不合格食品信息表
2026-08-08 04:28:05 [INFO]   [下载] 2026-07/广东-第32期-附件1-12-2.doc
2026-08-08 04:28:05 [INFO]   [下载] 2026-07/湖南-第11期-食品安全抽样检验项目合格食品信息表.pdf
2026-08-08 04:28:05 [INFO]   [湖南] 跳过不合格文件: 食品安全抽样检验不合格食品信息表
2026-08-08 04:28:05 [INFO] [完成] 江门: 共下载 1 个文件
2026-08-08 04:28:07 [INFO] [完成] 广东: 共下载 4 个文件
2026-08-08 04:28:07 [INFO]   [下载] 2026-07/湖南-第10期-食品安全抽样检验项目合格食品信息表.pdf
2026-08-08 04:28:07 [INFO]   [湖南] 跳过不合格文件: 食品安全抽样检验不合格食品信息表
2026-08-08 04:28:08 [ERROR] [湖北] 列表页请求失败: HTTP 412
2026-08-08 04:28:08 [INFO] [完成] 湖北: 共下载 0 个文件
2026-08-08 04:28:09 [INFO]   [下载] 2026-07/湖南-第9期-食品安全抽样检验项目合格食品信息表.pdf
2026-08-08 04:28:09 [INFO]   [湖南] 跳过不合格文件: 食品安全抽样检验不合格食品信息表
2026-08-08 04:28:10 [INFO]   [下载] 2026-07/湖南-第8期-食品安全抽样检验项目合格食品信息表.pdf
2026-08-08 04:28:10 [INFO]   [湖南] 跳过不合格文件: 食品安全抽样检验不合格食品信息表
2026-08-08 04:28:11 [INFO]   [下载] 2026-07/湖南-第7期-食品安全抽样检验项目合格食品信息表.pdf
2026-08-08 04:28:11 [INFO]   [湖南] 跳过不合格文件: 食品安全抽样检验不合格食品信息表
2026-08-08 04:28:11 [INFO] [完成] 湖南: 共下载 9 个文件
2026-08-08 04:34:40 [ERROR] [湖北] 列表页请求失败: HTTP 412
2026-08-08 04:34:40 [INFO] [完成] 湖北: 共下载 0 个文件
2026-08-08 04:34:40 [INFO]   [下载] 2026-07/中山-20260724-附件1：本次检验项目.doc
2026-08-08 04:34:40 [INFO]   [下载] 2026-07/中山-20260724-附件2：食品监督抽检合格信息表（20260724）.xlsx
2026-08-08 04:34:40 [INFO]   [中山] 跳过不合格文件: 附件3：食品监督抽检不合格信息表（20260724）.xlsx
2026-08-08 04:34:40 [INFO]   [下载] 2026-07/中山-20260724-附件4：关于部分检验项目的说明.doc
2026-08-08 04:34:40 [INFO]   [下载] 2026-07/佛山-20260728-附件1：本次检验项目.doc
2026-08-08 04:34:40 [INFO]   [下载] 2026-07/深圳-20260723-抽检结果明细表.xlsx
2026-08-08 04:34:40 [INFO]   [下载] 2026-07/佛山-20260728-附件2：食品安全抽检信息汇总表.xls
2026-08-08 04:34:40 [INFO]   [下载] 2026-07/佛山-20260728-附件3：关于部分检验项目的说明.docx
2026-08-08 04:34:40 [INFO]   [下载] 2026-07/中山-20260714-附件1：本次检验项目.doc
2026-08-08 04:34:40 [INFO]   [下载] 2026-07/中山-20260714-附件2：食品监督抽检合格信息表（20260714）.xlsx
2026-08-08 04:34:40 [INFO]   [中山] 跳过不合格文件: 附件3：食品监督抽检不合格信息表（20260714）.xlsx
2026-08-08 04:34:40 [INFO]   [下载] 2026-07/中山-20260714-附件4：关于部分检验项目的说明.doc
2026-08-08 04:34:40 [INFO]   [广州] 跳过辅助文件: 本次检验项目.doc
2026-08-08 04:34:40 [INFO]   [下载] 2026-07/江门-第7期-附件1：食品抽检信息汇总表.pdf
2026-08-08 04:34:40 [INFO]   [江门] 跳过不合格文件: 附件2：本次检验不合格项目的说明.docx
2026-08-08 04:34:41 [INFO]   [下载] 2026-07/江西-第9期-江西省市场监督管理局2026年第9期食品抽检情况的通告.pdf
2026-08-08 04:34:41 [INFO] [完成] 江西: 共下载 1 个文件
2026-08-08 04:34:41 [INFO] [完成] 中山: 共下载 6 个文件
2026-08-08 04:34:41 [INFO] [完成] 佛山: 共下载 3 个文件
2026-08-08 04:34:41 [INFO]   [下载] 2026-07/湖南-第15期-食品安全抽样检验项目合格食品信息表.pdf
2026-08-08 04:34:41 [INFO]   [湖南] 跳过不合格文件: 食品安全抽样检验不合格食品信息表
2026-08-08 04:34:42 [INFO]   [下载] 2026-07/珠海-20260703-附件1 珠海市市场监督管理局2026年食品监督抽检信息汇总表.xls
2026-08-08 04:34:42 [INFO]   [下载] 2026-07/河池-第02期-附件1：检验项目.doc
2026-08-08 04:34:42 [INFO]   [下载] 2026-07/珠海-20260703-附件2 食品安全科普小知识.doc
2026-08-08 04:34:42 [INFO]   [下载] 2026-07/广东-第35期-附件1-13.doc
2026-08-08 04:34:42 [INFO] [完成] 广西: 共下载 0 个文件
2026-08-08 04:34:42 [INFO] [完成] 珠海: 共下载 2 个文件
2026-08-08 04:34:42 [INFO]   [下载] 2026-07/广州-第5期-抽检结果明细表.pdf
2026-08-08 04:34:42 [INFO]   [广州] 跳过辅助文件: 关于部分检验项目的说明.doc
2026-08-08 04:34:42 [INFO]   [下载] 2026-07/广东-第34期-附件1-13.docx
2026-08-08 04:34:43 [INFO]   [下载] 2026-07/河池-第02期-附件2：食品流通监督抽检合格产品信息.xlsx
2026-08-08 04:34:43 [INFO]   [河池] 跳过不合格文件: 附件3：食品流通监督抽检不合格产品信息.xlsx
2026-08-08 04:34:43 [INFO] [完成] 深圳: 共下载 1 个文件
2026-08-08 04:34:43 [INFO]   [下载] 2026-07/河池-第02期-附件4：部分检验项目的说明.doc
2026-08-08 04:34:43 [INFO] [完成] 广州: 共下载 1 个文件
2026-08-08 04:34:43 [INFO] [完成] 江门: 共下载 1 个文件
2026-08-08 04:34:43 [INFO]   [下载] 2026-07/湖南-第14期-食品安全抽样检验项目合格食品信息表.pdf
2026-08-08 04:34:43 [INFO]   [湖南] 跳过不合格文件: 食品安全抽样检验不合格食品信息表
2026-08-08 04:34:43 [INFO]   [下载] 2026-07/河池-第01期-附件1：检验项目.doc
2026-08-08 04:34:43 [INFO]   [下载] 2026-07/河池-第01期-附件2：食品安全监督抽检合格产品信息.xlsx
2026-08-08 04:34:44 [INFO]   [下载] 2026-07/湖南-第13期-食品安全抽样检验项目合格食品信息表.pdf
2026-08-08 04:34:44 [INFO]   [湖南] 跳过不合格文件: 食品安全抽样检验不合格食品信息表
2026-08-08 04:34:45 [INFO]   [下载] 2026-07/湖南-第12期-食品安全抽样检验项目合格食品信息表.pdf
2026-08-08 04:34:45 [INFO]   [湖南] 跳过不合格文件: 食品安全抽样检验不合格食品信息表
2026-08-08 04:34:46 [INFO]   [下载] 2026-07/广东-第33期-附件1-13.doc
2026-08-08 04:34:46 [INFO]   [下载] 2026-07/湖南-第11期-食品安全抽样检验项目合格食品信息表.pdf
2026-08-08 04:34:46 [INFO]   [湖南] 跳过不合格文件: 食品安全抽样检验不合格食品信息表
2026-08-08 04:34:47 [INFO]   [下载] 2026-07/湖南-第10期-食品安全抽样检验项目合格食品信息表.pdf
2026-08-08 04:34:47 [INFO]   [湖南] 跳过不合格文件: 食品安全抽样检验不合格食品信息表
2026-08-08 04:34:48 [INFO] [完成] 河池: 共下载 5 个文件
2026-08-08 04:34:48 [INFO]   [下载] 2026-07/湖南-第9期-食品安全抽样检验项目合格食品信息表.pdf
2026-08-08 04:34:48 [INFO]   [湖南] 跳过不合格文件: 食品安全抽样检验不合格食品信息表
2026-08-08 04:34:49 [INFO]   [下载] 2026-07/广东-第32期-附件1-12.doc
2026-08-08 04:34:49 [INFO]   [下载] 2026-07/湖南-第8期-食品安全抽样检验项目合格食品信息表.pdf
2026-08-08 04:34:49 [INFO]   [湖南] 跳过不合格文件: 食品安全抽样检验不合格食品信息表
2026-08-08 04:34:51 [INFO] [完成] 广东: 共下载 4 个文件
2026-08-08 04:34:51 [INFO]   [下载] 2026-07/湖南-第7期-食品安全抽样检验项目合格食品信息表.pdf
2026-08-08 04:34:51 [INFO]   [湖南] 跳过不合格文件: 食品安全抽样检验不合格食品信息表
2026-08-08 04:34:51 [INFO] [完成] 湖南: 共下载 9 个文件
2026-08-08 04:35:34 [INFO]   [下载] 2026-07/福建-第9期-附件1：第9期食品安全监督抽检产品信息表.pdf
2026-08-08 04:35:34 [INFO]   [福建] 跳过不合格文件: 附件2：关于抽检不合格项目的风险提示.pdf
2026-08-08 04:35:34 [INFO] [完成] 福建: 共下载 1 个文件
2026-08-08 04:35:34 [INFO] 
全部完成，共下载 34 个文件，保存在 ./2026-07 目录。
2026-08-08 04:37:35 [ERROR]   [搜索] 2026-07/广州-第5期-抽检结果明细表.pdf: PDF 文本提取超时(>120s, 可能为超大/扫描型文件)
2026-08-08 04:37:52 [INFO] [搜索] 扫描 32/34 个文件，命中 5 条，结果写入 result.md
2026-08-08 04:37:52 [INFO] [搜索] 「天地壹号」 命中 0 处
2026-08-08 04:37:52 [INFO] [搜索] 「天晨」 命中 0 处
2026-08-08 04:37:52 [INFO] [搜索] 「巴马世界」 命中 0 处
2026-08-08 04:37:52 [INFO] [搜索] 「道道全粮」 命中 5 处
2026-08-08 12:55:59 [ERROR] [湖北] 列表页请求失败: HTTP 412
2026-08-08 12:55:59 [INFO] [完成] 湖北: 共下载 0 个文件
2026-08-08 12:55:59 [INFO]   [下载] 2026-07/中山-20260724-附件1：本次检验项目.doc
2026-08-08 12:56:00 [INFO]   [下载] 2026-07/佛山-20260728-附件1：本次检验项目.doc
2026-08-08 12:56:00 [INFO]   [下载] 2026-07/河池-第02期-附件1：检验项目.doc
2026-08-08 12:56:00 [INFO]   [下载] 2026-07/深圳-20260723-抽检结果明细表.xlsx
2026-08-08 12:56:00 [INFO]   [下载] 2026-07/中山-20260724-附件2：食品监督抽检合格信息表（20260724）.xlsx
2026-08-08 12:56:00 [INFO]   [中山] 跳过不合格文件: 附件3：食品监督抽检不合格信息表（20260724）.xlsx
2026-08-08 12:56:00 [INFO]   [广州] 跳过辅助文件: 本次检验项目.doc
2026-08-08 12:56:00 [INFO]   [下载] 2026-07/佛山-20260728-附件2：食品安全抽检信息汇总表.xls
2026-08-08 12:56:00 [INFO]   [下载] 2026-07/中山-20260724-附件4：关于部分检验项目的说明.doc
2026-08-08 12:56:00 [INFO]   [下载] 2026-07/河池-第02期-附件2：食品流通监督抽检合格产品信息.xlsx
2026-08-08 12:56:00 [INFO]   [河池] 跳过不合格文件: 附件3：食品流通监督抽检不合格产品信息.xlsx
2026-08-08 12:56:00 [INFO]   [下载] 2026-07/江西-第9期-江西省市场监督管理局2026年第9期食品抽检情况的通告.pdf
2026-08-08 12:56:00 [INFO] [完成] 江西: 共下载 1 个文件
2026-08-08 12:56:00 [INFO]   [下载] 2026-07/佛山-20260728-附件3：关于部分检验项目的说明.docx
2026-08-08 12:56:01 [INFO]   [下载] 2026-07/河池-第02期-附件4：部分检验项目的说明.doc
2026-08-08 12:56:01 [INFO]   [下载] 2026-07/中山-20260714-附件1：本次检验项目.doc
2026-08-08 12:56:01 [INFO]   [下载] 2026-07/中山-20260714-附件2：食品监督抽检合格信息表（20260714）.xlsx
2026-08-08 12:56:01 [INFO]   [中山] 跳过不合格文件: 附件3：食品监督抽检不合格信息表（20260714）.xlsx
2026-08-08 12:56:01 [INFO]   [下载] 2026-07/中山-20260714-附件4：关于部分检验项目的说明.doc
2026-08-08 12:56:01 [INFO]   [下载] 2026-07/河池-第01期-附件1：检验项目.doc
2026-08-08 12:56:01 [INFO]   [下载] 2026-07/广州-第5期-抽检结果明细表.pdf
2026-08-08 12:56:01 [INFO]   [广州] 跳过辅助文件: 关于部分检验项目的说明.doc
2026-08-08 12:56:02 [INFO]   [下载] 2026-07/河池-第01期-附件2：食品安全监督抽检合格产品信息.xlsx
2026-08-08 12:56:02 [INFO]   [下载] 2026-07/江门-第7期-附件1：食品抽检信息汇总表.pdf
2026-08-08 12:56:02 [INFO]   [江门] 跳过不合格文件: 附件2：本次检验不合格项目的说明.docx
2026-08-08 12:56:02 [INFO]   [下载] 2026-07/广东-第35期-附件1-13.doc
2026-08-08 12:56:04 [INFO]   [下载] 2026-07/广东-第34期-附件1-13.docx
2026-08-08 12:56:06 [INFO] [完成] 中山: 共下载 6 个文件
2026-08-08 12:56:06 [INFO] [完成] 佛山: 共下载 3 个文件
2026-08-08 12:56:06 [INFO]   [下载] 2026-07/广东-第33期-附件1-13.doc
2026-08-08 12:56:06 [INFO]   [下载] 2026-07/珠海-20260703-附件1 珠海市市场监督管理局2026年食品监督抽检信息汇总表.xls
2026-08-08 12:56:07 [INFO]   [下载] 2026-07/珠海-20260703-附件2 食品安全科普小知识.doc
2026-08-08 12:56:07 [INFO] [完成] 深圳: 共下载 1 个文件
2026-08-08 12:56:08 [INFO] [完成] 广州: 共下载 1 个文件
2026-08-08 12:56:08 [INFO]   [下载] 2026-07/广东-第32期-附件1-12.doc
2026-08-08 12:56:10 [INFO] [完成] 珠海: 共下载 2 个文件
2026-08-08 12:56:11 [INFO] [完成] 江门: 共下载 1 个文件
2026-08-08 12:56:12 [INFO] [完成] 广西: 共下载 0 个文件
2026-08-08 12:56:12 [INFO] [完成] 河池: 共下载 5 个文件
2026-08-08 12:56:16 [INFO] [完成] 广东: 共下载 4 个文件
2026-08-08 12:56:53 [INFO]   [下载] 2026-07/福建-第9期-附件1：第9期食品安全监督抽检产品信息表.pdf
2026-08-08 12:56:53 [INFO]   [福建] 跳过不合格文件: 附件2：关于抽检不合格项目的风险提示.pdf
2026-08-08 12:56:53 [INFO] [完成] 福建: 共下载 1 个文件
2026-08-08 12:59:02 [INFO]   [下载] 2026-07/湖南-第15期-食品安全抽样检验项目合格食品信息表.pdf
2026-08-08 12:59:02 [INFO]   [湖南] 跳过不合格文件: 食品安全抽样检验不合格食品信息表
2026-08-08 12:59:44 [INFO]   [下载] 2026-07/湖南-第14期-食品安全抽样检验项目合格食品信息表.pdf
2026-08-08 12:59:44 [INFO]   [湖南] 跳过不合格文件: 食品安全抽样检验不合格食品信息表
2026-08-08 12:59:45 [INFO]   [下载] 2026-07/湖南-第13期-食品安全抽样检验项目合格食品信息表.pdf
2026-08-08 12:59:45 [INFO]   [湖南] 跳过不合格文件: 食品安全抽样检验不合格食品信息表
2026-08-08 12:59:47 [INFO]   [下载] 2026-07/湖南-第12期-食品安全抽样检验项目合格食品信息表.pdf
2026-08-08 12:59:47 [INFO]   [湖南] 跳过不合格文件: 食品安全抽样检验不合格食品信息表
2026-08-08 12:59:48 [INFO]   [下载] 2026-07/湖南-第11期-食品安全抽样检验项目合格食品信息表.pdf
2026-08-08 12:59:48 [INFO]   [湖南] 跳过不合格文件: 食品安全抽样检验不合格食品信息表
2026-08-08 12:59:49 [INFO]   [下载] 2026-07/湖南-第10期-食品安全抽样检验项目合格食品信息表.pdf
2026-08-08 12:59:49 [INFO]   [湖南] 跳过不合格文件: 食品安全抽样检验不合格食品信息表
2026-08-08 12:59:50 [INFO]   [下载] 2026-07/湖南-第9期-食品安全抽样检验项目合格食品信息表.pdf
2026-08-08 12:59:50 [INFO]   [湖南] 跳过不合格文件: 食品安全抽样检验不合格食品信息表
2026-08-08 12:59:51 [INFO]   [下载] 2026-07/湖南-第8期-食品安全抽样检验项目合格食品信息表.pdf
2026-08-08 12:59:51 [INFO]   [湖南] 跳过不合格文件: 食品安全抽样检验不合格食品信息表
2026-08-08 12:59:52 [INFO]   [下载] 2026-07/湖南-第7期-食品安全抽样检验项目合格食品信息表.pdf
2026-08-08 12:59:52 [INFO]   [湖南] 跳过不合格文件: 食品安全抽样检验不合格食品信息表
2026-08-08 12:59:52 [INFO] [完成] 湖南: 共下载 9 个文件
2026-08-08 12:59:52 [INFO] 
全部完成，共下载 34 个文件，保存在 ./2026-07 目录。
2026-08-08 13:00:35 [INFO] [搜索] 扫描 33/34 个文件，命中 6 条，结果写入 result.md
2026-08-08 13:00:35 [INFO] [搜索] 「天地壹号」 命中 0 处
2026-08-08 13:00:35 [INFO] [搜索] 「天晨」 命中 0 处
2026-08-08 13:00:35 [INFO] [搜索] 「巴马世界」 命中 0 处
2026-08-08 13:00:35 [INFO] [搜索] 「道道全粮」 命中 6 处
2026-08-08 13:06:09 [ERROR]   [搜索] 2026-07/广州-第5期-抽检结果明细表.pdf: PDF 文本提取超时(>120s, 可能为超大/扫描型文件)
2026-08-08 13:06:26 [INFO] [搜索] 扫描 32/34 个文件，命中 5 条，结果写入 result.md
2026-08-08 13:06:26 [INFO] [搜索] 「天地壹号」 命中 0 处
2026-08-08 13:06:26 [INFO] [搜索] 「天晨」 命中 0 处
2026-08-08 13:06:26 [INFO] [搜索] 「巴马世界」 命中 0 处
2026-08-08 13:06:26 [INFO] [搜索] 「道道全粮」 命中 5 处
